[2026-03-02 22:08:27.580906] {'error_type': 'network', 'message': '连接失败 (尝试 1)', 'exception': '连接失败 (尝试 1)', 'traceback': 'Traceback (most recent call last):\n  File "D:\\quant\\src\\common\\exceptions.py", line 442, in wrapper\n    return func(*args, **kwargs)\n  File "D:\\quant\\src\\common\\exception_examples.py", line 32, in unstable_function\n    raise ConnectionError(f"连接失败 (尝试 {attempt_count})")\nConnectionError: 连接失败 (尝试 1)\n', 'timestamp': '2026-03-02T22:08:27.580906', 'retry_count': 0, 'operation': 'unstable_function', 'details': {}}
[2026-03-02 22:08:28.095555] {'error_type': 'network', 'message': '连接失败 (尝试 2)', 'exception': '连接失败 (尝试 2)', 'traceback': 'Traceback (most recent call last):\n  File "D:\\quant\\src\\common\\exceptions.py", line 442, in wrapper\n    return func(*args, **kwargs)\n  File "D:\\quant\\src\\common\\exception_examples.py", line 32, in unstable_function\n    raise ConnectionError(f"连接失败 (尝试 {attempt_count})")\nConnectionError: 连接失败 (尝试 2)\n', 'timestamp': '2026-03-02T22:08:28.095555', 'retry_count': 1, 'operation': 'unstable_function', 'details': {}}
[2026-03-02 22:08:31.100763] {'error_type': 'timeout', 'message': 'slow_function 执行超时 (2.0秒)', 'exception': 'slow_function 执行超时 (2.0秒)', 'traceback': 'NoneType: None\n', 'timestamp': '2026-03-02T22:08:31.100763', 'retry_count': 0, 'operation': 'slow_function', 'details': {}}
[2026-03-02 22:08:31.102764] {'error_type': 'business', 'message': '故意抛出的异常', 'exception': '故意抛出的异常', 'traceback': 'Traceback (most recent call last):\n  File "D:\\quant\\src\\common\\exceptions.py", line 568, in wrapper\n    return func(*args, **kwargs)\n  File "D:\\quant\\src\\common\\exception_examples.py", line 63, in risky_function\n    raise ValueError("故意抛出的异常")\nValueError: 故意抛出的异常\n', 'timestamp': '2026-03-02T22:08:31.102764', 'retry_count': 0, 'operation': 'risky_function', 'details': {}}
[2026-03-02 22:08:31.103765] {'error_type': 'unknown', 'message': '数据库操作失败', 'exception': '数据库操作失败', 'traceback': 'Traceback (most recent call last):\n  File "D:\\quant\\src\\common\\exceptions.py", line 442, in wrapper\n    return func(*args, **kwargs)\n  File "D:\\quant\\src\\common\\exceptions.py", line 656, in db_operation_with_retry\n    return db_func()\n  File "D:\\quant\\src\\common\\exception_examples.py", line 81, in db_operation\n    raise Exception("数据库操作失败")\nException: 数据库操作失败\n', 'timestamp': '2026-03-02T22:08:31.103765', 'retry_count': 0, 'operation': 'db_operation_with_retry', 'details': {}}
[2026-03-02 22:08:31.617446] {'error_type': 'unknown', 'message': '数据库操作失败', 'exception': '数据库操作失败', 'traceback': 'Traceback (most recent call last):\n  File "D:\\quant\\src\\common\\exceptions.py", line 442, in wrapper\n    return func(*args, **kwargs)\n  File "D:\\quant\\src\\common\\exceptions.py", line 656, in db_operation_with_retry\n    return db_func()\n  File "D:\\quant\\src\\common\\exception_examples.py", line 81, in db_operation\n    raise Exception("数据库操作失败")\nException: 数据库操作失败\n', 'timestamp': '2026-03-02T22:08:31.617446', 'retry_count': 1, 'operation': 'db_operation_with_retry', 'details': {}}
